Nd: 0
Sd: 2
N: 100
S: 100
dN: 0.000
dS: 0.020
dN/dS: 0.000
